[     882ms] TypeError: jsxDEV is not a function
    at WelcomeSection (http://localhost:4321/src/components/WelcomeSection.tsx:4:21)
    at renderWithHooks (http://localhost:4321/node_modules/.vite/deps/@astrojs_react_client__js.js?v=3dee3a40:3521:25)
    at updateFunctionComponent (http://localhost:4321/node_modules/.vite/deps/@astrojs_react_client__js.js?v=3dee3a40:5152:19)
    at beginWork (http://localhost:4321/node_modules/.vite/deps/@astrojs_react_client__js.js?v=3dee3a40:5763:18)
    at performUnitOfWork (http://localhost:4321/node_modules/.vite/deps/@astrojs_react_client__js.js?v=3dee3a40:8568:18)
    at workLoopSync (http://localhost:4321/node_modules/.vite/deps/@astrojs_react_client__js.js?v=3dee3a40:8466:41)
    at renderRootSync (http://localhost:4321/node_modules/.vite/deps/@astrojs_react_client__js.js?v=3dee3a40:8450:11)
    at performWorkOnRoot (http://localhost:4321/node_modules/.vite/deps/@astrojs_react_client__js.js?v=3dee3a40:8125:44)
    at performWorkOnRootViaSchedulerTask (http://localhost:4321/node_modules/.vite/deps/@astrojs_react_client__js.js?v=3dee3a40:9129:7)
    at MessagePort.performWorkUntilDeadline (http://localhost:4321/node_modules/.vite/deps/@astrojs_react_client__js.js?v=3dee3a40:123:48)
[     911ms] TypeError: jsxDEV is not a function
    at HeroSection (http://localhost:4321/src/components/HeroSection.tsx:4:21)
    at renderWithHooks (http://localhost:4321/node_modules/.vite/deps/@astrojs_react_client__js.js?v=3dee3a40:3521:25)
    at updateFunctionComponent (http://localhost:4321/node_modules/.vite/deps/@astrojs_react_client__js.js?v=3dee3a40:5152:19)
    at beginWork (http://localhost:4321/node_modules/.vite/deps/@astrojs_react_client__js.js?v=3dee3a40:5763:18)
    at performUnitOfWork (http://localhost:4321/node_modules/.vite/deps/@astrojs_react_client__js.js?v=3dee3a40:8568:18)
    at workLoopSync (http://localhost:4321/node_modules/.vite/deps/@astrojs_react_client__js.js?v=3dee3a40:8466:41)
    at renderRootSync (http://localhost:4321/node_modules/.vite/deps/@astrojs_react_client__js.js?v=3dee3a40:8450:11)
    at performWorkOnRoot (http://localhost:4321/node_modules/.vite/deps/@astrojs_react_client__js.js?v=3dee3a40:8125:44)
    at performWorkOnRootViaSchedulerTask (http://localhost:4321/node_modules/.vite/deps/@astrojs_react_client__js.js?v=3dee3a40:9129:7)
    at MessagePort.performWorkUntilDeadline (http://localhost:4321/node_modules/.vite/deps/@astrojs_react_client__js.js?v=3dee3a40:123:48)
[     918ms] TypeError: jsxDEV is not a function
    at CaseInquiryForm (http://localhost:4321/src/components/CaseInquiryForm.tsx:49:21)
    at renderWithHooks (http://localhost:4321/node_modules/.vite/deps/@astrojs_react_client__js.js?v=3dee3a40:3521:25)
    at updateFunctionComponent (http://localhost:4321/node_modules/.vite/deps/@astrojs_react_client__js.js?v=3dee3a40:5152:19)
    at beginWork (http://localhost:4321/node_modules/.vite/deps/@astrojs_react_client__js.js?v=3dee3a40:5763:18)
    at performUnitOfWork (http://localhost:4321/node_modules/.vite/deps/@astrojs_react_client__js.js?v=3dee3a40:8568:18)
    at workLoopSync (http://localhost:4321/node_modules/.vite/deps/@astrojs_react_client__js.js?v=3dee3a40:8466:41)
    at renderRootSync (http://localhost:4321/node_modules/.vite/deps/@astrojs_react_client__js.js?v=3dee3a40:8450:11)
    at performWorkOnRoot (http://localhost:4321/node_modules/.vite/deps/@astrojs_react_client__js.js?v=3dee3a40:8125:44)
    at performWorkOnRootViaSchedulerTask (http://localhost:4321/node_modules/.vite/deps/@astrojs_react_client__js.js?v=3dee3a40:9129:7)
    at MessagePort.performWorkUntilDeadline (http://localhost:4321/node_modules/.vite/deps/@astrojs_react_client__js.js?v=3dee3a40:123:48)
[     921ms] TypeError: jsxDEV is not a function
    at PracticeAreasSection (http://localhost:4321/src/components/PracticeAreasSection.tsx:22:23)
    at renderWithHooks (http://localhost:4321/node_modules/.vite/deps/@astrojs_react_client__js.js?v=3dee3a40:3521:25)
    at updateFunctionComponent (http://localhost:4321/node_modules/.vite/deps/@astrojs_react_client__js.js?v=3dee3a40:5152:19)
    at beginWork (http://localhost:4321/node_modules/.vite/deps/@astrojs_react_client__js.js?v=3dee3a40:5763:18)
    at performUnitOfWork (http://localhost:4321/node_modules/.vite/deps/@astrojs_react_client__js.js?v=3dee3a40:8568:18)
    at workLoopSync (http://localhost:4321/node_modules/.vite/deps/@astrojs_react_client__js.js?v=3dee3a40:8466:41)
    at renderRootSync (http://localhost:4321/node_modules/.vite/deps/@astrojs_react_client__js.js?v=3dee3a40:8450:11)
    at performWorkOnRoot (http://localhost:4321/node_modules/.vite/deps/@astrojs_react_client__js.js?v=3dee3a40:8125:44)
    at performWorkOnRootViaSchedulerTask (http://localhost:4321/node_modules/.vite/deps/@astrojs_react_client__js.js?v=3dee3a40:9129:7)
    at MessagePort.performWorkUntilDeadline (http://localhost:4321/node_modules/.vite/deps/@astrojs_react_client__js.js?v=3dee3a40:123:48)
[     924ms] TypeError: jsxDEV is not a function
    at CTASection (http://localhost:4321/src/components/CTASection.tsx:4:21)
    at renderWithHooks (http://localhost:4321/node_modules/.vite/deps/@astrojs_react_client__js.js?v=3dee3a40:3521:25)
    at updateFunctionComponent (http://localhost:4321/node_modules/.vite/deps/@astrojs_react_client__js.js?v=3dee3a40:5152:19)
    at beginWork (http://localhost:4321/node_modules/.vite/deps/@astrojs_react_client__js.js?v=3dee3a40:5763:18)
    at performUnitOfWork (http://localhost:4321/node_modules/.vite/deps/@astrojs_react_client__js.js?v=3dee3a40:8568:18)
    at workLoopSync (http://localhost:4321/node_modules/.vite/deps/@astrojs_react_client__js.js?v=3dee3a40:8466:41)
    at renderRootSync (http://localhost:4321/node_modules/.vite/deps/@astrojs_react_client__js.js?v=3dee3a40:8450:11)
    at performWorkOnRoot (http://localhost:4321/node_modules/.vite/deps/@astrojs_react_client__js.js?v=3dee3a40:8125:44)
    at performWorkOnRootViaSchedulerTask (http://localhost:4321/node_modules/.vite/deps/@astrojs_react_client__js.js?v=3dee3a40:9129:7)
    at MessagePort.performWorkUntilDeadline (http://localhost:4321/node_modules/.vite/deps/@astrojs_react_client__js.js?v=3dee3a40:123:48)
[     931ms] TypeError: jsxDEV is not a function
    at LocationSection (http://localhost:4321/src/components/LocationSection.tsx:4:21)
    at renderWithHooks (http://localhost:4321/node_modules/.vite/deps/@astrojs_react_client__js.js?v=3dee3a40:3521:25)
    at updateFunctionComponent (http://localhost:4321/node_modules/.vite/deps/@astrojs_react_client__js.js?v=3dee3a40:5152:19)
    at beginWork (http://localhost:4321/node_modules/.vite/deps/@astrojs_react_client__js.js?v=3dee3a40:5763:18)
    at performUnitOfWork (http://localhost:4321/node_modules/.vite/deps/@astrojs_react_client__js.js?v=3dee3a40:8568:18)
    at workLoopSync (http://localhost:4321/node_modules/.vite/deps/@astrojs_react_client__js.js?v=3dee3a40:8466:41)
    at renderRootSync (http://localhost:4321/node_modules/.vite/deps/@astrojs_react_client__js.js?v=3dee3a40:8450:11)
    at performWorkOnRoot (http://localhost:4321/node_modules/.vite/deps/@astrojs_react_client__js.js?v=3dee3a40:8125:44)
    at performWorkOnRootViaSchedulerTask (http://localhost:4321/node_modules/.vite/deps/@astrojs_react_client__js.js?v=3dee3a40:9129:7)
    at MessagePort.performWorkUntilDeadline (http://localhost:4321/node_modules/.vite/deps/@astrojs_react_client__js.js?v=3dee3a40:123:48)
[     935ms] TypeError: jsxDEV is not a function
    at ExpertiseSection (http://localhost:4321/src/components/ExpertiseSection.tsx:16:23)
    at renderWithHooks (http://localhost:4321/node_modules/.vite/deps/@astrojs_react_client__js.js?v=3dee3a40:3521:25)
    at updateFunctionComponent (http://localhost:4321/node_modules/.vite/deps/@astrojs_react_client__js.js?v=3dee3a40:5152:19)
    at beginWork (http://localhost:4321/node_modules/.vite/deps/@astrojs_react_client__js.js?v=3dee3a40:5763:18)
    at performUnitOfWork (http://localhost:4321/node_modules/.vite/deps/@astrojs_react_client__js.js?v=3dee3a40:8568:18)
    at workLoopSync (http://localhost:4321/node_modules/.vite/deps/@astrojs_react_client__js.js?v=3dee3a40:8466:41)
    at renderRootSync (http://localhost:4321/node_modules/.vite/deps/@astrojs_react_client__js.js?v=3dee3a40:8450:11)
    at performWorkOnRoot (http://localhost:4321/node_modules/.vite/deps/@astrojs_react_client__js.js?v=3dee3a40:8125:44)
    at performWorkOnRootViaSchedulerTask (http://localhost:4321/node_modules/.vite/deps/@astrojs_react_client__js.js?v=3dee3a40:9129:7)
    at MessagePort.performWorkUntilDeadline (http://localhost:4321/node_modules/.vite/deps/@astrojs_react_client__js.js?v=3dee3a40:123:48)
[   35817ms] TypeError: jsxDEV is not a function
    at LocationSection (http://localhost:4321/src/components/LocationSection.tsx:4:21)
    at renderWithHooks (http://localhost:4321/node_modules/.vite/deps/@astrojs_react_client__js.js?v=3dee3a40:3521:25)
    at updateFunctionComponent (http://localhost:4321/node_modules/.vite/deps/@astrojs_react_client__js.js?v=3dee3a40:5152:19)
    at beginWork (http://localhost:4321/node_modules/.vite/deps/@astrojs_react_client__js.js?v=3dee3a40:5763:18)
    at performUnitOfWork (http://localhost:4321/node_modules/.vite/deps/@astrojs_react_client__js.js?v=3dee3a40:8568:18)
    at workLoopSync (http://localhost:4321/node_modules/.vite/deps/@astrojs_react_client__js.js?v=3dee3a40:8466:41)
    at renderRootSync (http://localhost:4321/node_modules/.vite/deps/@astrojs_react_client__js.js?v=3dee3a40:8450:11)
    at performWorkOnRoot (http://localhost:4321/node_modules/.vite/deps/@astrojs_react_client__js.js?v=3dee3a40:8125:44)
    at performWorkOnRootViaSchedulerTask (http://localhost:4321/node_modules/.vite/deps/@astrojs_react_client__js.js?v=3dee3a40:9129:7)
    at MessagePort.performWorkUntilDeadline (http://localhost:4321/node_modules/.vite/deps/@astrojs_react_client__js.js?v=3dee3a40:123:48)
[   35818ms] TypeError: jsxDEV is not a function
    at HeroSection (http://localhost:4321/src/components/HeroSection.tsx:4:21)
    at renderWithHooks (http://localhost:4321/node_modules/.vite/deps/@astrojs_react_client__js.js?v=3dee3a40:3521:25)
    at updateFunctionComponent (http://localhost:4321/node_modules/.vite/deps/@astrojs_react_client__js.js?v=3dee3a40:5152:19)
    at beginWork (http://localhost:4321/node_modules/.vite/deps/@astrojs_react_client__js.js?v=3dee3a40:5763:18)
    at performUnitOfWork (http://localhost:4321/node_modules/.vite/deps/@astrojs_react_client__js.js?v=3dee3a40:8568:18)
    at workLoopSync (http://localhost:4321/node_modules/.vite/deps/@astrojs_react_client__js.js?v=3dee3a40:8466:41)
    at renderRootSync (http://localhost:4321/node_modules/.vite/deps/@astrojs_react_client__js.js?v=3dee3a40:8450:11)
    at performWorkOnRoot (http://localhost:4321/node_modules/.vite/deps/@astrojs_react_client__js.js?v=3dee3a40:8125:44)
    at performWorkOnRootViaSchedulerTask (http://localhost:4321/node_modules/.vite/deps/@astrojs_react_client__js.js?v=3dee3a40:9129:7)
    at MessagePort.performWorkUntilDeadline (http://localhost:4321/node_modules/.vite/deps/@astrojs_react_client__js.js?v=3dee3a40:123:48)
[   35819ms] TypeError: jsxDEV is not a function
    at WelcomeSection (http://localhost:4321/src/components/WelcomeSection.tsx:4:21)
    at renderWithHooks (http://localhost:4321/node_modules/.vite/deps/@astrojs_react_client__js.js?v=3dee3a40:3521:25)
    at updateFunctionComponent (http://localhost:4321/node_modules/.vite/deps/@astrojs_react_client__js.js?v=3dee3a40:5152:19)
    at beginWork (http://localhost:4321/node_modules/.vite/deps/@astrojs_react_client__js.js?v=3dee3a40:5763:18)
    at performUnitOfWork (http://localhost:4321/node_modules/.vite/deps/@astrojs_react_client__js.js?v=3dee3a40:8568:18)
    at workLoopSync (http://localhost:4321/node_modules/.vite/deps/@astrojs_react_client__js.js?v=3dee3a40:8466:41)
    at renderRootSync (http://localhost:4321/node_modules/.vite/deps/@astrojs_react_client__js.js?v=3dee3a40:8450:11)
    at performWorkOnRoot (http://localhost:4321/node_modules/.vite/deps/@astrojs_react_client__js.js?v=3dee3a40:8125:44)
    at performWorkOnRootViaSchedulerTask (http://localhost:4321/node_modules/.vite/deps/@astrojs_react_client__js.js?v=3dee3a40:9129:7)
    at MessagePort.performWorkUntilDeadline (http://localhost:4321/node_modules/.vite/deps/@astrojs_react_client__js.js?v=3dee3a40:123:48)
[   35820ms] TypeError: jsxDEV is not a function
    at ExpertiseSection (http://localhost:4321/src/components/ExpertiseSection.tsx:16:23)
    at renderWithHooks (http://localhost:4321/node_modules/.vite/deps/@astrojs_react_client__js.js?v=3dee3a40:3521:25)
    at updateFunctionComponent (http://localhost:4321/node_modules/.vite/deps/@astrojs_react_client__js.js?v=3dee3a40:5152:19)
    at beginWork (http://localhost:4321/node_modules/.vite/deps/@astrojs_react_client__js.js?v=3dee3a40:5763:18)
    at performUnitOfWork (http://localhost:4321/node_modules/.vite/deps/@astrojs_react_client__js.js?v=3dee3a40:8568:18)
    at workLoopSync (http://localhost:4321/node_modules/.vite/deps/@astrojs_react_client__js.js?v=3dee3a40:8466:41)
    at renderRootSync (http://localhost:4321/node_modules/.vite/deps/@astrojs_react_client__js.js?v=3dee3a40:8450:11)
    at performWorkOnRoot (http://localhost:4321/node_modules/.vite/deps/@astrojs_react_client__js.js?v=3dee3a40:8125:44)
    at performWorkOnRootViaSchedulerTask (http://localhost:4321/node_modules/.vite/deps/@astrojs_react_client__js.js?v=3dee3a40:9129:7)
    at MessagePort.performWorkUntilDeadline (http://localhost:4321/node_modules/.vite/deps/@astrojs_react_client__js.js?v=3dee3a40:123:48)
[   35821ms] TypeError: jsxDEV is not a function
    at PracticeAreasSection (http://localhost:4321/src/components/PracticeAreasSection.tsx:22:23)
    at renderWithHooks (http://localhost:4321/node_modules/.vite/deps/@astrojs_react_client__js.js?v=3dee3a40:3521:25)
    at updateFunctionComponent (http://localhost:4321/node_modules/.vite/deps/@astrojs_react_client__js.js?v=3dee3a40:5152:19)
    at beginWork (http://localhost:4321/node_modules/.vite/deps/@astrojs_react_client__js.js?v=3dee3a40:5763:18)
    at performUnitOfWork (http://localhost:4321/node_modules/.vite/deps/@astrojs_react_client__js.js?v=3dee3a40:8568:18)
    at workLoopSync (http://localhost:4321/node_modules/.vite/deps/@astrojs_react_client__js.js?v=3dee3a40:8466:41)
    at renderRootSync (http://localhost:4321/node_modules/.vite/deps/@astrojs_react_client__js.js?v=3dee3a40:8450:11)
    at performWorkOnRoot (http://localhost:4321/node_modules/.vite/deps/@astrojs_react_client__js.js?v=3dee3a40:8125:44)
    at performWorkOnRootViaSchedulerTask (http://localhost:4321/node_modules/.vite/deps/@astrojs_react_client__js.js?v=3dee3a40:9129:7)
    at MessagePort.performWorkUntilDeadline (http://localhost:4321/node_modules/.vite/deps/@astrojs_react_client__js.js?v=3dee3a40:123:48)
[   35823ms] TypeError: jsxDEV is not a function
    at CTASection (http://localhost:4321/src/components/CTASection.tsx:4:21)
    at renderWithHooks (http://localhost:4321/node_modules/.vite/deps/@astrojs_react_client__js.js?v=3dee3a40:3521:25)
    at updateFunctionComponent (http://localhost:4321/node_modules/.vite/deps/@astrojs_react_client__js.js?v=3dee3a40:5152:19)
    at beginWork (http://localhost:4321/node_modules/.vite/deps/@astrojs_react_client__js.js?v=3dee3a40:5763:18)
    at performUnitOfWork (http://localhost:4321/node_modules/.vite/deps/@astrojs_react_client__js.js?v=3dee3a40:8568:18)
    at workLoopSync (http://localhost:4321/node_modules/.vite/deps/@astrojs_react_client__js.js?v=3dee3a40:8466:41)
    at renderRootSync (http://localhost:4321/node_modules/.vite/deps/@astrojs_react_client__js.js?v=3dee3a40:8450:11)
    at performWorkOnRoot (http://localhost:4321/node_modules/.vite/deps/@astrojs_react_client__js.js?v=3dee3a40:8125:44)
    at performWorkOnRootViaSchedulerTask (http://localhost:4321/node_modules/.vite/deps/@astrojs_react_client__js.js?v=3dee3a40:9129:7)
    at MessagePort.performWorkUntilDeadline (http://localhost:4321/node_modules/.vite/deps/@astrojs_react_client__js.js?v=3dee3a40:123:48)
[   35826ms] TypeError: jsxDEV is not a function
    at CaseInquiryForm (http://localhost:4321/src/components/CaseInquiryForm.tsx:49:21)
    at renderWithHooks (http://localhost:4321/node_modules/.vite/deps/@astrojs_react_client__js.js?v=3dee3a40:3521:25)
    at updateFunctionComponent (http://localhost:4321/node_modules/.vite/deps/@astrojs_react_client__js.js?v=3dee3a40:5152:19)
    at beginWork (http://localhost:4321/node_modules/.vite/deps/@astrojs_react_client__js.js?v=3dee3a40:5763:18)
    at performUnitOfWork (http://localhost:4321/node_modules/.vite/deps/@astrojs_react_client__js.js?v=3dee3a40:8568:18)
    at workLoopSync (http://localhost:4321/node_modules/.vite/deps/@astrojs_react_client__js.js?v=3dee3a40:8466:41)
    at renderRootSync (http://localhost:4321/node_modules/.vite/deps/@astrojs_react_client__js.js?v=3dee3a40:8450:11)
    at performWorkOnRoot (http://localhost:4321/node_modules/.vite/deps/@astrojs_react_client__js.js?v=3dee3a40:8125:44)
    at performWorkOnRootViaSchedulerTask (http://localhost:4321/node_modules/.vite/deps/@astrojs_react_client__js.js?v=3dee3a40:9129:7)
    at MessagePort.performWorkUntilDeadline (http://localhost:4321/node_modules/.vite/deps/@astrojs_react_client__js.js?v=3dee3a40:123:48)
[   60100ms] [ERROR] WebSocket connection to 'ws://localhost:4321/?token=hz0N-AV03Cne' failed:  @ http://localhost:4321/@vite/client:1533
[   60101ms] [LOG] [vite] server connection lost. Polling for restart... @ http://localhost:4321/@vite/client:1695
[   60257ms] [ERROR] WebSocket connection to 'ws://localhost:4321/' failed: Error in connection establishment: net::ERR_CONNECTION_REFUSED @ http://localhost:4321/@vite/client:1766
[   61260ms] [ERROR] WebSocket connection to 'ws://localhost:4321/' failed: Error in connection establishment: net::ERR_CONNECTION_REFUSED @ http://localhost:4321/@vite/client:1766
[   62262ms] [ERROR] WebSocket connection to 'ws://localhost:4321/' failed: Error in connection establishment: net::ERR_CONNECTION_REFUSED @ http://localhost:4321/@vite/client:1766
[   63264ms] [ERROR] WebSocket connection to 'ws://localhost:4321/' failed: Error in connection establishment: net::ERR_CONNECTION_REFUSED @ http://localhost:4321/@vite/client:1766
[   64266ms] [ERROR] WebSocket connection to 'ws://localhost:4321/' failed: Error in connection establishment: net::ERR_CONNECTION_REFUSED @ http://localhost:4321/@vite/client:1766
[   65270ms] [ERROR] WebSocket connection to 'ws://localhost:4321/' failed: Error in connection establishment: net::ERR_CONNECTION_REFUSED @ http://localhost:4321/@vite/client:1766
[   66279ms] [ERROR] WebSocket connection to 'ws://localhost:4321/' failed: Error in connection establishment: net::ERR_CONNECTION_REFUSED @ http://localhost:4321/@vite/client:1766
[   67301ms] [ERROR] WebSocket connection to 'ws://localhost:4321/' failed: Error in connection establishment: net::ERR_CONNECTION_REFUSED @ http://localhost:4321/@vite/client:1766
[   68338ms] [ERROR] WebSocket connection to 'ws://localhost:4321/' failed: Error in connection establishment: net::ERR_CONNECTION_REFUSED @ http://localhost:4321/@vite/client:1766
[   69377ms] [ERROR] WebSocket connection to 'ws://localhost:4321/' failed: Error in connection establishment: net::ERR_CONNECTION_REFUSED @ http://localhost:4321/@vite/client:1766
[   70490ms] [ERROR] WebSocket connection to 'ws://localhost:4321/' failed: Error in connection establishment: net::ERR_CONNECTION_REFUSED @ http://localhost:4321/@vite/client:1766
[   71763ms] [ERROR] WebSocket connection to 'ws://localhost:4321/' failed: Error in connection establishment: net::ERR_CONNECTION_REFUSED @ http://localhost:4321/@vite/client:1766
[   73119ms] [ERROR] WebSocket connection to 'ws://localhost:4321/' failed: Error in connection establishment: net::ERR_CONNECTION_REFUSED @ http://localhost:4321/@vite/client:1766
[   74803ms] [ERROR] WebSocket connection to 'ws://localhost:4321/' failed: Error in connection establishment: net::ERR_CONNECTION_REFUSED @ http://localhost:4321/@vite/client:1766
[   77205ms] [ERROR] WebSocket connection to 'ws://localhost:4321/' failed: Error in connection establishment: net::ERR_CONNECTION_REFUSED @ http://localhost:4321/@vite/client:1766
[   82098ms] [ERROR] WebSocket connection to 'ws://localhost:4321/' failed: Error in connection establishment: net::ERR_CONNECTION_REFUSED @ http://localhost:4321/@vite/client:1766
[   85081ms] [ERROR] WebSocket connection to 'ws://localhost:4321/' failed: Error in connection establishment: net::ERR_CONNECTION_REFUSED @ http://localhost:4321/@vite/client:1766
[   90825ms] [ERROR] WebSocket connection to 'ws://localhost:4321/' failed: Error in connection establishment: net::ERR_CONNECTION_REFUSED @ http://localhost:4321/@vite/client:1766
[   94584ms] [ERROR] WebSocket connection to 'ws://localhost:4321/' failed: Error in connection establishment: net::ERR_CONNECTION_REFUSED @ http://localhost:4321/@vite/client:1766
[   97867ms] [ERROR] WebSocket connection to 'ws://localhost:4321/' failed: Error in connection establishment: net::ERR_CONNECTION_REFUSED @ http://localhost:4321/@vite/client:1766
[  102030ms] [ERROR] WebSocket connection to 'ws://localhost:4321/' failed: Error in connection establishment: net::ERR_CONNECTION_REFUSED @ http://localhost:4321/@vite/client:1766
[  106262ms] [ERROR] WebSocket connection to 'ws://localhost:4321/' failed: Error in connection establishment: net::ERR_CONNECTION_REFUSED @ http://localhost:4321/@vite/client:1766
[  110361ms] [ERROR] WebSocket connection to 'ws://localhost:4321/' failed: Error in connection establishment: net::ERR_CONNECTION_REFUSED @ http://localhost:4321/@vite/client:1766
[  112925ms] [ERROR] WebSocket connection to 'ws://localhost:4321/' failed: Error in connection establishment: net::ERR_CONNECTION_REFUSED @ http://localhost:4321/@vite/client:1766
[  117480ms] [ERROR] WebSocket connection to 'ws://localhost:4321/' failed: Error in connection establishment: net::ERR_CONNECTION_REFUSED @ http://localhost:4321/@vite/client:1766
[  122885ms] [ERROR] WebSocket connection to 'ws://localhost:4321/' failed: Error in connection establishment: net::ERR_CONNECTION_REFUSED @ http://localhost:4321/@vite/client:1766
[  125800ms] [ERROR] WebSocket connection to 'ws://localhost:4321/' failed: Error in connection establishment: net::ERR_CONNECTION_REFUSED @ http://localhost:4321/@vite/client:1766
[  131746ms] [INFO] %cDownload the React DevTools for a better development experience: https://react.dev/link/react-devtools font-weight:bold @ http://localhost:4321/node_modules/.vite/deps/@astrojs_react_client__js.js?v=114b30f9:20103
[  132397ms] [ERROR] WebSocket connection to 'ws://localhost:4321/?token=2Fgfcxw8rmyg' failed: Error in connection establishment: net::ERR_CONNECTION_REFUSED @ http://localhost:4321/@vite/client:1533
[  133125ms] [ERROR] WebSocket connection to 'ws://localhost:5173/?token=2Fgfcxw8rmyg' failed: Error in connection establishment: net::ERR_CONNECTION_REFUSED @ http://localhost:4321/@vite/client:1546
[  133125ms] [ERROR] [vite] failed to connect to websocket.
your current setup:
  (browser) localhost:4321/ <--[HTTP]--> localhost:5173/ (server)
  (browser) localhost:4321/ <--[WebSocket (failing)]--> localhost:5173/ (server)
Check out your Vite / network configuration and https://vite.dev/config/server-options.html#server-hmr . @ http://localhost:4321/@vite/client:1561
[  133126ms] [ERROR] [vite] TypeError: Cannot read properties of undefined (reading 'send')
    at Object.send (http://localhost:4321/@vite/client:483:10)
    at Object.send (http://localhost:4321/@vite/client:1581:21)
    at Object.send (http://localhost:4321/@vite/client:326:24)
    at Object.send (http://localhost:4321/@vite/client:417:33) @ http://localhost:4321/@vite/client:1613
[  133127ms] [ERROR] [vite] TypeError: Cannot read properties of undefined (reading 'send')
    at Object.send (http://localhost:4321/@vite/client:483:10)
    at Object.send (http://localhost:4321/@vite/client:1581:21)
    at Object.send (http://localhost:4321/@vite/client:326:24)
    at Object.send (http://localhost:4321/@vite/client:417:33) @ http://localhost:4321/@vite/client:1613
[  133127ms] [ERROR] [vite] TypeError: Cannot read properties of undefined (reading 'send')
    at Object.send (http://localhost:4321/@vite/client:483:10)
    at Object.send (http://localhost:4321/@vite/client:1581:21)
    at Object.send (http://localhost:4321/@vite/client:326:24)
    at Object.send (http://localhost:4321/@vite/client:417:33) @ http://localhost:4321/@vite/client:1613
[  133128ms] [ERROR] [vite] TypeError: Cannot read properties of undefined (reading 'send')
    at Object.send (http://localhost:4321/@vite/client:483:10)
    at Object.send (http://localhost:4321/@vite/client:1581:21)
    at Object.send (http://localhost:4321/@vite/client:326:24)
    at Object.send (http://localhost:4321/@vite/client:417:33) @ http://localhost:4321/@vite/client:1613
[  133128ms] [ERROR] [vite] TypeError: Cannot read properties of undefined (reading 'send')
    at Object.send (http://localhost:4321/@vite/client:483:10)
    at Object.send (http://localhost:4321/@vite/client:1581:21)
    at Object.send (http://localhost:4321/@vite/client:326:24)
    at Object.send (http://localhost:4321/@vite/client:417:33) @ http://localhost:4321/@vite/client:1613
[  133128ms] [ERROR] [vite] TypeError: Cannot read properties of undefined (reading 'send')
    at Object.send (http://localhost:4321/@vite/client:483:10)
    at Object.send (http://localhost:4321/@vite/client:1581:21)
    at Object.send (http://localhost:4321/@vite/client:326:24)
    at Object.send (http://localhost:4321/@vite/client:417:33) @ http://localhost:4321/@vite/client:1613
[  133128ms] [ERROR] [vite] TypeError: Cannot read properties of undefined (reading 'send')
    at Object.send (http://localhost:4321/@vite/client:483:10)
    at Object.send (http://localhost:4321/@vite/client:1581:21)
    at Object.send (http://localhost:4321/@vite/client:326:24)
    at Object.send (http://localhost:4321/@vite/client:417:33) @ http://localhost:4321/@vite/client:1613
[  133129ms] [ERROR] [vite] TypeError: Cannot read properties of undefined (reading 'send')
    at Object.send (http://localhost:4321/@vite/client:483:10)
    at Object.send (http://localhost:4321/@vite/client:1581:21)
    at Object.send (http://localhost:4321/@vite/client:326:24)
    at Object.send (http://localhost:4321/@vite/client:417:33) @ http://localhost:4321/@vite/client:1613
[  133129ms] [ERROR] [vite] TypeError: Cannot read properties of undefined (reading 'send')
    at Object.send (http://localhost:4321/@vite/client:483:10)
    at Object.send (http://localhost:4321/@vite/client:1581:21)
    at Object.send (http://localhost:4321/@vite/client:326:24)
    at Object.send (http://localhost:4321/@vite/client:417:33) @ http://localhost:4321/@vite/client:1613
[  133129ms] [ERROR] [vite] TypeError: Cannot read properties of undefined (reading 'send')
    at Object.send (http://localhost:4321/@vite/client:483:10)
    at Object.send (http://localhost:4321/@vite/client:1581:21)
    at Object.send (http://localhost:4321/@vite/client:326:24)
    at Object.send (http://localhost:4321/@vite/client:417:33) @ http://localhost:4321/@vite/client:1613
